../Core/Src/main.c:186:1:__io_putchar	16	static
../Core/Src/main.c:203:5:main	136	static
../Core/Src/main.c:492:6:SystemClock_Config	96	static
../Core/Src/main.c:538:6:HAL_ADC_ConvCpltCallback	16	static
../Core/Src/main.c:547:6:HAL_GPIO_EXTI_Callback	16	static
../Core/Src/main.c:569:6:HAL_TIM_PeriodElapsedCallback	16	static
../Core/Src/main.c:584:6:HAL_UART_RxCpltCallback	32	static
../Core/Src/main.c:614:6:Read_Adc	8	static
../Core/Src/main.c:639:6:Engery_Calulation	24	static
../Core/Src/main.c:703:6:Error_Handler	4	static,ignoring_inline_asm
